Lullaby of Birdland
Words & Music by George David Weiss & George Shearing
Recorded by Mel Torme, 1963

Gm           Em7-5     A7-9        D7
manama  na ma- na    - ma     na   ma

Gm7    D#M7  Cm7      F9
mana   ma   ma   na  ma

Dm7          Gm7
mana  ma na ma   na

Cm7            D#dim     A#  D#9       Am7-5        D7
ma    na    ma na   ma nama      ma na ma    ma  na ma

Gm            Em7-5     Am7-9    D7
ma   na  ma   na    ma  mana   ma

Gm7      D#M7 CM7       F9
ma   na  ma  ma   na   ma

Dm7                Gm7
ma     na  ma   na mana

Cm7      D#dim          A#  F7           A#    A#/A
mana  ma na   ma   na  ma       ma   na ma

Bridge:
G9            G7-9       Cm      Cm7
ma  ma      na mana ma  mana

F9        D#dim         A#    A#/A
ma nama   ma    na  ma na

G9             G7-9      Cm      Cm7
ma     na  ma  na  ma na mana

F9            D#dim       A#             D7
ma na  ma     na   ma ma- na   ma  na-  ma

Gm        Em7-5       A7-9     D7
manama  na ma- na   - ma- na  ma

Gm7     D#M7   Cm7       F9
ma   na ma     ma  na    ma

Dm7            Gm7
mana   ma   na ma  na

Cm7         D#dim   A#   D#9     Am7-5            D7
ma   na ma  na  ma nama     ma  nama    ma    na ma

Repeat Bridge. Repeat last verse. 

Coda:
Cm7        D#dim     A#
ma   na ma  na  ma nama

 Cm7    F9  D#dim  A#    D#9   Cm7   B7    A#
ma  nama    ma-    na - ma
